// Jest Snapshot v1, https://goo.gl/fbAQLP

exports[`TabList Matches snapshot 1`] = `
<div
  className="tabList"
>
  <div
    className="tabListItem"
    onClick={[Function]}
  >
    Recently added
  </div>
  <div
    className="tabListItem"
    onClick={[Function]}
  >
    Favorited
  </div>
</div>
`;
