// Jest Snapshot v1, https://goo.gl/fbAQLP

exports[`ImageSheet ImageSheet matches snapshot with data 1`] = `
<div
  className="imageSheet"
>
  <div>
    <img
      alt="tennessee_female_rubber.jpg"
      className="image"
      src="https://agencyanalytics-api.vercel.app/images/0.jpg"
    />
    <div
      className="imgNameAndFavtIconContainer"
    >
      <div
        className="imageName"
      >
        tennessee_female_rubber.jpg
      </div>
      <div
        className="favtIcon favtIconFilled"
        data-testid="fav-icon"
        onClick={[Function]}
      />
    </div>
    <div
      className="imageSize"
    >
      4.6 MB
    </div>
  </div>
  <div
    className="imgDetails"
  >
    <div
      className="informationLabel"
    >
      Information
    </div>
    <div
      className="row"
    >
      <div
        className="label"
      >
        Uploaded by
      </div>
      <div
        className="value"
      >
        Ms. Jimmie Cole
      </div>
    </div>
    <div
      className="row"
    >
      <div
        className="label"
      >
        Created
      </div>
      <div
        className="value"
      >
        July 15, 2017
      </div>
    </div>
    <div
      className="row"
    >
      <div
        className="label"
      >
        Last modified
      </div>
      <div
        className="value"
      >
        December 16, 2022
      </div>
    </div>
    <div
      className="row"
    >
      <div
        className="label"
      >
        Dimensions
      </div>
      <div
        className="value"
      >
        4800 X 3200
      </div>
    </div>
    <div
      className="row"
    >
      <div
        className="label"
      >
        Resolutions
      </div>
      <div
        className="value"
      >
        72 X 72
      </div>
    </div>
  </div>
  <div
    className="imgDescription"
  >
    <div
      className="label"
    >
      Description
    </div>
    <div
      className="description"
    >
      Laboriosam eligendi inventore officia nemo. Quisquam explicabo voluptatem. Illo laborum facilis.
    </div>
  </div>
  <div
    className="deleteBtnFooter"
  >
    <button
      className="button"
      onClick={[Function]}
    >
      Delete
    </button>
  </div>
</div>
`;

exports[`ImageSheet ImageSheet matches snapshot with data 2`] = `null`;
