// Jest Snapshot v1, https://goo.gl/fbAQLP

exports[`ImageSheetFooter Matches ImageDeleteBtn snapshot 1`] = `
<div
  className="imageSheetFooter"
>
  <div
    className="button"
  >
    <button
      className="deleteBtn"
      onClick={[Function]}
    >
      Delete
    </button>
  </div>
  <div
    className="button"
  >
    <button
      className="backBtn"
      onClick={[Function]}
    >
      Back
    </button>
  </div>
</div>
`;
